// Jest Snapshot v1, https://goo.gl/fbAQLP

exports[`INode test 1`] = `
<div>
  Inode
</div>
`;
